
> sankalp-hackathon@0.1.0 dev
> next dev --turbopack -p 9002

   ▲ Next.js 15.5.7 (Turbopack)
   - Local:        http://localhost:9002
   - Network:      http://192.168.0.2:9002
   - Environments: .env.local

 ✓ Starting...
 ✓ Ready in 1564ms
 ○ Compiling /teacher/students ...
 ✓ Compiled /teacher/students in 7.6s
⚠️ Firebase skipped (server-side rendering)
 GET /teacher/students 200 in 9309ms
 ○ Compiling /teacher/classes ...
 ✓ Compiled /teacher/classes in 865ms
 GET /teacher/classes 200 in 1222ms
 ○ Compiling /teacher/analytics ...
 ✓ Compiled /teacher/analytics in 675ms
 GET /teacher/analytics 200 in 960ms
 ○ Compiling /teacher/interventions ...
 ✓ Compiled /teacher/interventions in 682ms
 GET /teacher/interventions 200 in 1029ms
[?25h
