Starting Causal Integrity Trace...

Analyzing Scenario: Baseline High Mastery
  -> Features Extracted: {"avg_quiz_score":0.8553850752795148,"attempts_per_topic":10,"days_since_last_revision":3,"quiz_score_variance":0.05058387807806941,"time_spent_per_question":6}
  -> ML Prediction: {"mastery_probability":0.954,"confidence":0.954,"predicted_class":"mastered"}
  -> ADK Decision: PROGRESS_ALLOWED Strong mastery - ready for advanced content

Analyzing Scenario: Baseline Low Mastery
  -> Features Extracted: {"avg_quiz_score":0.29007413216306094,"attempts_per_topic":10,"days_since_last_revision":1,"quiz_score_variance":0.05432098969260992,"time_spent_per_question":6}
  -> ML Prediction: {"mastery_probability":0.016,"confidence":0.984,"predicted_class":"not_mastered"}
  -> ADK Decision: ADAPTIVE_TEACHING Low mastery with attention challenges - needs engaging format

Analyzing Scenario: Edge Case: Exam Cramming
  -> Features Extracted: {"avg_quiz_score":0.2944548016530607,"attempts_per_topic":5,"days_since_last_revision":0,"quiz_score_variance":0.05580312825593634,"time_spent_per_question":6}
  -> ML Prediction: {"mastery_probability":0.043,"confidence":0.957,"predicted_class":"not_mastered"}
  -> ADK Decision: URGENT_REVISION Exam imminent - high-yield cramming strategy

Analyzing Scenario: Fault Injection: Valid Mastery but Garbage Time
  -> Features Extracted: {"avg_quiz_score":0.7804038850643822,"attempts_per_topic":5,"days_since_last_revision":0,"quiz_score_variance":0.06398094641895577,"time_spent_per_question":-10}
  -> ML Prediction: {"mastery_probability":0.962,"confidence":0.962,"predicted_class":"mastered"}
  -> ADK Decision: PROGRESS_ALLOWED Strong mastery - ready for advanced content

Analyzing Scenario: Silent Corruption: High Mastery Signal but Zero Score
  -> Features Extracted: {"avg_quiz_score":0.10054368863517123,"attempts_per_topic":10,"days_since_last_revision":0,"quiz_score_variance":0.04873460146765735,"time_spent_per_question":6}
  -> [INJECTED FAULT] ML Prediction overridden to High Mastery despite low scores.
  -> ADK Decision: PROGRESS_ALLOWED Strong mastery - ready for advanced content

Report generated at: /app/CAUSAL_INTEGRITY_REPORT.md
